// Vitest Snapshot v1, https://vitest.dev/guide/snapshot.html

exports[`parse markdown 1`] = `
[
  {
    "attrs": {
      "tight": true,
    },
    "content": [
      {
        "attrs": {
          "checked": false,
        },
        "content": [
          {
            "content": [
              {
                "text": "example1",
                "type": "text",
              },
            ],
            "type": "paragraph",
          },
        ],
        "type": "taskItem",
      },
      {
        "attrs": {
          "checked": true,
        },
        "content": [
          {
            "content": [
              {
                "text": "example2",
                "type": "text",
              },
            ],
            "type": "paragraph",
          },
        ],
        "type": "taskItem",
      },
    ],
    "type": "taskList",
  },
]
`;
