// Vitest Snapshot v1, https://vitest.dev/guide/snapshot.html

exports[`parse html 1`] = `
[
  {
    "content": [
      {
        "marks": [
          {
            "attrs": {
              "class": null,
              "href": "http://example.org",
              "rel": "noopener noreferrer nofollow",
              "target": "_blank",
            },
            "type": "link",
          },
        ],
        "text": "example",
        "type": "text",
      },
    ],
    "type": "paragraph",
  },
]
`;

exports[`parse markdown 1`] = `
[
  {
    "content": [
      {
        "marks": [
          {
            "attrs": {
              "class": null,
              "href": "http://example.org",
              "rel": "noopener noreferrer nofollow",
              "target": "_blank",
            },
            "type": "link",
          },
        ],
        "text": "example",
        "type": "text",
      },
    ],
    "type": "paragraph",
  },
]
`;

exports[`parse markdown with linkify 1`] = `
[
  {
    "content": [
      {
        "text": "http://example.org",
        "type": "text",
      },
    ],
    "type": "paragraph",
  },
]
`;

exports[`parse markdown without linkify 1`] = `
[
  {
    "content": [
      {
        "text": "http://example.org",
        "type": "text",
      },
    ],
    "type": "paragraph",
  },
]
`;
