// Vitest Snapshot v1, https://vitest.dev/guide/snapshot.html

exports[`parse html 1`] = `
[
  {
    "content": [
      {
        "content": [
          {
            "text": "example",
            "type": "text",
          },
        ],
        "type": "paragraph",
      },
    ],
    "type": "blockquote",
  },
]
`;

exports[`parse markdown 1`] = `
[
  {
    "content": [
      {
        "content": [
          {
            "text": "example",
            "type": "text",
          },
        ],
        "type": "paragraph",
      },
    ],
    "type": "blockquote",
  },
]
`;
